
> frontend@0.0.0 build
> vite build

[36mvite v8.0.0 [32mbuilding client environment for production...[36m[39m
[2K
transforming...Γ£ô 2189 modules transformed.
rendering chunks...
computing gzip size...
dist/index.html                   0.70 kB Γöé gzip:   0.37 kB
dist/assets/index-D9jqj3hp.css  100.66 kB Γöé gzip:  15.82 kB
dist/assets/index-B6wB6Dja.js   603.16 kB Γöé gzip: 174.44 kB

[32mΓ£ô built in 985ms[39m
node.exe : 
[33m[plugin 
builtin:vite-reporter] 
At C:\Program Files\nod
ejs\npm.ps1:29 char:3
+   & $NODE_EXE 
$NPM_CLI_JS $args
+   ~~~~~~~~~~~~~~~~~~~
~~~~~~~~~~
    + CategoryInfo     
         : NotSpecifi  
  ed: ([33m[plugin    
 builtin:vite-repor    
ter] :String) [],     
RemoteException
    + FullyQualifiedEr 
   rorId : NativeComm  
  andError
 
(!) Some chunks are 
larger than 500 kB 
after minification. 
Consider:
- Using dynamic 
import() to code-split 
the application
- Use build.rolldownOpt
ions.output.codeSplitti
ng to improve 
chunking: https://rolld
own.rs/reference/Output
Options.codeSplitting
- Adjust chunk size 
limit for this warning 
via build.chunkSizeWarn
ingLimit.[39m
